// Vitest Snapshot v1, https://vitest.dev/guide/snapshot.html

exports[`Modal > displays the expected data for a color 1`] = `
<div
  aria-labelledby="modal-title"
  aria-modal="true"
  class="overlay"
  id="color-detail-modal"
  role="dialog"
  tabindex="-1"
>
  <div
    class="container"
  >
    <div
      class="header headerDark"
      style="background: rgb(184, 20, 30);"
    >
      <div
        class="headerContent"
      >
        <h2
          class="title"
          id="modal-title"
        >
          Crimson
        </h2>
        <div
          class="subtitle"
        >
          SW 
          1001
           • Interior
        </div>
      </div>
      <button
        aria-label="Close modal"
        class="closeBtn"
        type="button"
      >
        <svg
          aria-hidden="true"
          fill="none"
          height="24"
          stroke="currentColor"
          stroke-linecap="round"
          stroke-linejoin="round"
          stroke-width="2"
          viewBox="0 0 24 24"
          width="24"
        >
          <line
            x1="18"
            x2="6"
            y1="6"
            y2="18"
          />
          <line
            x1="6"
            x2="18"
            y1="6"
            y2="18"
          />
        </svg>
      </button>
    </div>
    <div
      class="body"
    >
      <div
        class="section"
      >
        <div
          class="mood"
        >
          <span
            class="moodLabel"
          >
            Mood & Feel:
          </span>
          <p
            class="moodDesc"
          >
            Bold • Dramatic
          </p>
        </div>
        <div
          class="lrvContext"
        >
          <span
            class="lrvLabel"
          >
            Dark
          </span>
          <p
            class="lrvDesc"
          >
            Reflects 10.0% of light. Absorbs most light, creating intimate, cozy spaces.
          </p>
        </div>
        <div
          class="mood"
        >
          <span
            class="moodLabel"
          >
            Designer Collection:
          </span>
          <p
            class="moodDesc"
          >
            Classic
          </p>
        </div>
      </div>
      <div
        class="section"
      >
        <h3
          class="sectionTitle"
        >
          Coordinating Colors
        </h3>
        <p
          class="sectionDesc"
        >
          Colors that work beautifully together
        </p>
        <div
          class="colorGrid"
        >
          <button
            aria-label="View Azure"
            class="miniTile"
            style="background: rgb(61, 190, 245); color: black;"
            type="button"
          >
            <div
              class="miniRole"
            >
              Accent Wall
            </div>
            <div
              class="miniName"
            >
              Azure
            </div>
            <div
              class="miniNumber"
            >
              SW 
              2001
            </div>
          </button>
          <button
            aria-label="View Cobalt"
            class="miniTile"
            style="background: rgb(20, 86, 184); color: white;"
            type="button"
          >
            <div
              class="miniRole"
            >
              Trim Color
            </div>
            <div
              class="miniName"
            >
              Cobalt
            </div>
            <div
              class="miniNumber"
            >
              SW 
              2002
            </div>
          </button>
        </div>
      </div>
      <div
        class="section"
      >
        <h3
          class="sectionTitle"
        >
          Similar Colors
        </h3>
        <p
          class="sectionDesc"
        >
          Explore subtle variations
        </p>
        <div
          class="colorGrid"
        >
          <button
            aria-label="View Scarlet"
            class="miniTile"
            style="background: rgb(236, 45, 19); color: black;"
            type="button"
          >
            <div
              class="miniRole"
            >
              Cooler & Lighter
            </div>
            <div
              class="miniName"
            >
              Scarlet
            </div>
            <div
              class="miniNumber"
            >
              SW 
              1002
            </div>
          </button>
          <button
            aria-label="View Ruby"
            class="miniTile"
            style="background: rgb(130, 23, 42); color: white;"
            type="button"
          >
            <div
              class="miniRole"
            >
              Darker
            </div>
            <div
              class="miniName"
            >
              Ruby
            </div>
            <div
              class="miniNumber"
            >
              SW 
              1003
            </div>
          </button>
        </div>
      </div>
      <div
        class="hslSection"
      >
        <h3
          class="sectionTitle"
        >
          HSL Color Breakdown
        </h3>
        <div
          class="hslItem"
        >
          <div
            class="hslItemLabel"
          >
            <span
              class="hslItemName"
            >
              Hue
            </span>
            <span
              class="hslItemValue"
            >
              356°
            </span>
          </div>
          <div
            class="hslBar"
            style="background: linear-gradient(to right, rgb(255, 0, 0), rgb(255, 255, 0), rgb(0, 255, 0), rgb(0, 255, 255), rgb(0, 0, 255), rgb(255, 0, 255), rgb(255, 0, 0));"
          >
            <div
              class="hslIndicator"
              style="left: 99%;"
            />
          </div>
        </div>
        <div
          class="hslItem"
        >
          <div
            class="hslItemLabel"
          >
            <span
              class="hslItemName"
            >
              Saturation
            </span>
            <span
              class="hslItemValue"
            >
              80%
            </span>
          </div>
          <div
            class="hslBar"
            style="background: linear-gradient(to right, rgb(128, 128, 128), rgb(255, 0, 17));"
          >
            <div
              class="hslIndicator"
              style="left: 80%;"
            />
          </div>
        </div>
        <div
          class="hslItem"
        >
          <div
            class="hslItemLabel"
          >
            <span
              class="hslItemName"
            >
              Lightness
            </span>
            <span
              class="hslItemValue"
            >
              40%
            </span>
          </div>
          <div
            class="hslBar"
            style="background: linear-gradient(to right, rgb(0, 0, 0), rgb(230, 26, 39), rgb(255, 255, 255));"
          >
            <div
              class="hslIndicator"
              style="left: 40%;"
            />
          </div>
        </div>
      </div>
      <div
        class="section"
      >
        <div
          class="infoGrid"
        >
          <div
            class="infoItem"
          >
            <span
              class="infoLabel"
            >
              Hex
            </span>
            <span>
              #DC143C
            </span>
          </div>
          <div
            class="infoItem"
          >
            <span
              class="infoLabel"
            >
              RGB
            </span>
            <span>
              rgb(
              220
              , 
              20
              , 
              60
              )
            </span>
          </div>
          <div
            class="infoItem"
          >
            <span
              class="infoLabel"
            >
              Family
            </span>
            <span>
              Red
            </span>
          </div>
          <div
            class="infoItem"
          >
            <span
              class="infoLabel"
            >
              Collections
            </span>
            <span>
              Designer Color Collection - Classic
            </span>
          </div>
        </div>
      </div>
    </div>
    <div
      class="actions"
    >
      <button
        class="actionBtn "
        type="button"
      >
        <svg
          aria-hidden="true"
          fill="none"
          height="20"
          stroke="currentColor"
          stroke-linecap="round"
          stroke-linejoin="round"
          stroke-width="2"
          viewBox="0 0 24 24"
          width="20"
        >
          <path
            d="M20.84 4.61a5.5 5.5 0 0 0-7.78 0L12 5.67l-1.06-1.06a5.5 5.5 0 0 0-7.78 7.78l1.06 1.06L12 21.23l7.78-7.78 1.06-1.06a5.5 5.5 0 0 0 0-7.78z"
          />
        </svg>
        <span>
          Add to Favorites
        </span>
      </button>
      <button
        class="actionBtn"
        type="button"
      >
        <svg
          aria-hidden="true"
          fill="none"
          height="20"
          stroke="currentColor"
          stroke-linecap="round"
          stroke-linejoin="round"
          stroke-width="2"
          viewBox="0 0 24 24"
          width="20"
        >
          <rect
            height="13"
            rx="2"
            ry="2"
            width="13"
            x="9"
            y="9"
          />
          <path
            d="M5 15H4a2 2 0 0 1-2-2V4a2 2 0 0 1 2-2h9a2 2 0 0 1 2 2v1"
          />
        </svg>
        <span>
          Copy Code
        </span>
      </button>
      <button
        class="actionBtn "
        type="button"
      >
        <svg
          aria-hidden="true"
          fill="none"
          height="20"
          stroke="currentColor"
          stroke-linecap="round"
          stroke-linejoin="round"
          stroke-width="2"
          viewBox="0 0 24 24"
          width="20"
        >
          <line
            x1="1"
            x2="23"
            y1="1"
            y2="23"
          />
          <path
            d="M17.94 17.94A10.94 10.94 0 0 1 12 19c-5 0-9.27-3.11-11-7 1.21-2.61 3.16-4.77 5.66-6.11"
          />
          <path
            d="M1 1l22 22"
          />
        </svg>
        <span>
          Hide Color
        </span>
      </button>
    </div>
  </div>
</div>
`;
